2021-04-14 10:04:12.010  INFO 3816 --- [main] c.a.n.c.c.impl.LocalConfigInfoProcessor  : LOCAL_SNAPSHOT_PATH:C:\Users\86176\nacos\config
2021-04-14 10:04:12.148  INFO 3816 --- [main] c.a.nacos.client.config.impl.Limiter     : limitTime:5.0
2021-04-14 10:04:12.177  INFO 3816 --- [main] c.a.nacos.client.config.utils.JVMUtil    : isMultiInstance:false
2021-04-14 10:04:12.210  WARN 3816 --- [main] c.a.c.n.c.NacosPropertySourceBuilder     : Ignore the empty nacos configuration and get it based on dataId[issue-inspect-service-provider] & group[DEFAULT_GROUP]
2021-04-14 10:04:12.217  WARN 3816 --- [main] c.a.c.n.c.NacosPropertySourceBuilder     : Ignore the empty nacos configuration and get it based on dataId[issue-inspect-service-provider.yml] & group[DEFAULT_GROUP]
2021-04-14 10:04:12.218  INFO 3816 --- [main] b.c.PropertySourceBootstrapConfiguration : Located property source: [BootstrapPropertySource {name='bootstrapProperties-issue-inspect-service-provider.yml,DEFAULT_GROUP'}, BootstrapPropertySource {name='bootstrapProperties-issue-inspect-service-provider,DEFAULT_GROUP'}, BootstrapPropertySource {name='bootstrapProperties-redis.yml,DEFAULT_GROUP'}, BootstrapPropertySource {name='bootstrapProperties-jwt.yml,DEFAULT_GROUP'}, BootstrapPropertySource {name='bootstrapProperties-db.yml,DEFAULT_GROUP'}]
2021-04-14 10:04:14.192  WARN 3816 --- [main] o.s.boot.actuate.endpoint.EndpointId     : Endpoint ID 'nacos-config' contains invalid characters, please migrate to a valid format.
2021-04-14 10:04:14.196  WARN 3816 --- [main] o.s.boot.actuate.endpoint.EndpointId     : Endpoint ID 'nacos-discovery' contains invalid characters, please migrate to a valid format.
2021-04-14 10:04:14.298  WARN 3816 --- [main] o.m.s.mapper.ClassPathMapperScanner      : No MyBatis mapper was found in '[com.ershiyi]' package. Please check your configuration.
2021-04-14 10:04:14.473  INFO 3816 --- [main] .s.d.r.c.RepositoryConfigurationDelegate : Multiple Spring Data modules found, entering strict repository configuration mode!
2021-04-14 10:04:14.475  INFO 3816 --- [main] .s.d.r.c.RepositoryConfigurationDelegate : Bootstrapping Spring Data Redis repositories in DEFAULT mode.
2021-04-14 10:04:14.544  INFO 3816 --- [main] .s.d.r.c.RepositoryConfigurationDelegate : Finished Spring Data repository scanning in 57ms. Found 0 Redis repository interfaces.
2021-04-14 10:04:14.619  WARN 3816 --- [main] o.s.boot.actuate.endpoint.EndpointId     : Endpoint ID 'service-registry' contains invalid characters, please migrate to a valid format.
2021-04-14 10:04:14.784  INFO 3816 --- [main] o.s.cloud.context.scope.GenericScope     : BeanFactory id=f3bc4b3e-2df3-3ba1-b70b-4ed3af4ce765
2021-04-14 10:04:15.188  INFO 3816 --- [main] trationDelegate$BeanPostProcessorChecker : Bean 'spring.cloud.sentinel-com.alibaba.cloud.sentinel.SentinelProperties' of type [com.alibaba.cloud.sentinel.SentinelProperties] is not eligible for getting processed by all BeanPostProcessors (for example: not eligible for auto-proxying)
2021-04-14 10:04:15.243  INFO 3816 --- [main] trationDelegate$BeanPostProcessorChecker : Bean 'com.alibaba.cloud.sentinel.custom.SentinelAutoConfiguration' of type [com.alibaba.cloud.sentinel.custom.SentinelAutoConfiguration] is not eligible for getting processed by all BeanPostProcessors (for example: not eligible for auto-proxying)
2021-04-14 10:04:15.430  WARN 3816 --- [main] io.undertow.websockets.jsr               : UT026010: Buffer pool was not set on WebSocketDeploymentInfo, the default pool will be used
2021-04-14 10:04:15.454  INFO 3816 --- [main] io.undertow.servlet                      : Initializing Spring embedded WebApplicationContext
2021-04-14 10:04:15.454  INFO 3816 --- [main] o.s.web.context.ContextLoader            : Root WebApplicationContext: initialization completed in 3172 ms
2021-04-14 10:04:16.208  INFO 3816 --- [main] com.alibaba.nacos.client.naming          : initializer namespace from System Property :null
2021-04-14 10:04:16.208  INFO 3816 --- [main] com.alibaba.nacos.client.naming          : initializer namespace from System Environment :null
2021-04-14 10:04:16.209  INFO 3816 --- [main] com.alibaba.nacos.client.naming          : initializer namespace from System Property :null
2021-04-14 10:04:16.559  INFO 3816 --- [main] org.quartz.impl.StdSchedulerFactory      : Using default implementation for ThreadExecutor
2021-04-14 10:04:16.575  INFO 3816 --- [main] org.quartz.core.SchedulerSignalerImpl    : Initialized Scheduler Signaller of type: class org.quartz.core.SchedulerSignalerImpl
2021-04-14 10:04:16.575  INFO 3816 --- [main] org.quartz.core.QuartzScheduler          : Quartz Scheduler v.2.3.2 created.
2021-04-14 10:04:16.576  INFO 3816 --- [main] org.quartz.simpl.RAMJobStore             : RAMJobStore initialized.
2021-04-14 10:04:16.577  INFO 3816 --- [main] org.quartz.core.QuartzScheduler          : Scheduler meta-data: Quartz Scheduler (v2.3.2) 'schedulerFactoryBean' with instanceId 'NON_CLUSTERED'
  Scheduler class: 'org.quartz.core.QuartzScheduler' - running locally.
  NOT STARTED.
  Currently in standby mode.
  Number of jobs executed: 0
  Using thread pool 'org.quartz.simpl.SimpleThreadPool' - with 10 threads.
  Using job-store 'org.quartz.simpl.RAMJobStore' - which does not support persistence. and is not clustered.

2021-04-14 10:04:16.577  INFO 3816 --- [main] org.quartz.impl.StdSchedulerFactory      : Quartz scheduler 'schedulerFactoryBean' initialized from an externally provided properties instance.
2021-04-14 10:04:16.577  INFO 3816 --- [main] org.quartz.impl.StdSchedulerFactory      : Quartz scheduler version: 2.3.2
2021-04-14 10:04:16.577  INFO 3816 --- [main] org.quartz.core.QuartzScheduler          : JobFactory set to: com.ershiyi.JobDemo.JobFactory@6009cd34
2021-04-14 10:04:17.129  WARN 3816 --- [main] c.n.c.sources.URLConfigurationSource     : No URLs will be polled as dynamic configuration sources.
2021-04-14 10:04:17.130  INFO 3816 --- [main] c.n.c.sources.URLConfigurationSource     : To enable URLs as dynamic configuration sources, define System property archaius.configurationSource.additionalUrls or make config.properties available on classpath.
2021-04-14 10:04:17.137  INFO 3816 --- [main] c.netflix.config.DynamicPropertyFactory  : DynamicPropertyFactory is initialized with configuration sources: com.netflix.config.ConcurrentCompositeConfiguration@23396fc0
2021-04-14 10:04:17.432  INFO 3816 --- [main] c.a.c.s.SentinelWebAutoConfiguration     : [Sentinel Starter] register SentinelWebInterceptor with urlPatterns: [/*].
2021-04-14 10:04:17.522  INFO 3816 --- [main] o.s.b.a.e.web.EndpointLinksResolver      : Exposing 21 endpoint(s) beneath base path '/actuator'
2021-04-14 10:04:17.615  INFO 3816 --- [main] pertySourcedRequestMappingHandlerMapping : Mapped URL path [/v2/api-docs] onto method [springfox.documentation.swagger2.web.Swagger2Controller#getDocumentation(String, HttpServletRequest)]
2021-04-14 10:04:17.649  WARN 3816 --- [main] c.n.c.sources.URLConfigurationSource     : No URLs will be polled as dynamic configuration sources.
2021-04-14 10:04:17.650  INFO 3816 --- [main] c.n.c.sources.URLConfigurationSource     : To enable URLs as dynamic configuration sources, define System property archaius.configurationSource.additionalUrls or make config.properties available on classpath.
2021-04-14 10:04:17.774  INFO 3816 --- [main] o.s.s.concurrent.ThreadPoolTaskExecutor  : Initializing ExecutorService 'applicationTaskExecutor'
2021-04-14 10:04:17.914  INFO 3816 --- [main] o.s.s.c.ThreadPoolTaskScheduler          : Initializing ExecutorService 'taskScheduler'
2021-04-14 10:04:18.021  INFO 3816 --- [main] t.m.m.autoconfigure.MapperCacheDisabler  : Clear tk.mybatis.mapper.util.MsUtil CLASS_CACHE cache.
2021-04-14 10:04:18.021  INFO 3816 --- [main] t.m.m.autoconfigure.MapperCacheDisabler  : Clear tk.mybatis.mapper.genid.GenIdUtil CACHE cache.
2021-04-14 10:04:18.022  INFO 3816 --- [main] t.m.m.autoconfigure.MapperCacheDisabler  : Clear tk.mybatis.mapper.version.VersionUtil CACHE cache.
2021-04-14 10:04:18.022  INFO 3816 --- [main] t.m.m.autoconfigure.MapperCacheDisabler  : Clear EntityHelper entityTableMap cache.
2021-04-14 10:04:19.102  INFO 3816 --- [main] d.s.w.p.DocumentationPluginsBootstrapper : Context refreshed
2021-04-14 10:04:19.116  INFO 3816 --- [main] d.s.w.p.DocumentationPluginsBootstrapper : Found 1 custom documentation plugin(s)
2021-04-14 10:04:19.152  INFO 3816 --- [main] s.d.s.w.s.ApiListingReferenceScanner     : Scanning for api listing references
2021-04-14 10:04:19.267  INFO 3816 --- [main] o.s.s.quartz.SchedulerFactoryBean        : Starting Quartz Scheduler now
2021-04-14 10:04:19.268  INFO 3816 --- [main] org.quartz.core.QuartzScheduler          : Scheduler schedulerFactoryBean_$_NON_CLUSTERED started.
2021-04-14 10:04:19.290  INFO 3816 --- [main] io.undertow                              : starting server: Undertow - 2.0.29.Final
2021-04-14 10:04:19.297  INFO 3816 --- [main] org.xnio                                 : XNIO version 3.3.8.Final
2021-04-14 10:04:19.306  INFO 3816 --- [main] org.xnio.nio                             : XNIO NIO Implementation Version 3.3.8.Final
2021-04-14 10:04:19.361  INFO 3816 --- [main] o.s.b.w.e.u.UndertowServletWebServer     : Undertow started on port(s) 8085 (http) with context path ''
2021-04-14 10:04:19.367  INFO 3816 --- [main] com.alibaba.nacos.client.naming          : [BEAT] adding beat: {"cluster":"DEFAULT","ip":"192.168.3.17","metadata":{"preserved.register.source":"SPRING_CLOUD"},"period":5000,"port":8085,"scheduled":false,"serviceName":"DEFAULT_GROUP@@issue-inspect-service-provider","stopped":false,"weight":1.0} to beat map.
2021-04-14 10:04:19.456  INFO 3816 --- [main] com.alibaba.nacos.client.naming          : [REGISTER-SERVICE] public registering service DEFAULT_GROUP@@issue-inspect-service-provider with instance: {"clusterName":"DEFAULT","enabled":true,"ephemeral":true,"healthy":true,"instanceHeartBeatInterval":5000,"instanceHeartBeatTimeOut":15000,"ip":"192.168.3.17","ipDeleteTimeout":30000,"metadata":{"preserved.register.source":"SPRING_CLOUD"},"port":8085,"weight":1.0}
2021-04-14 10:04:19.480  INFO 3816 --- [main] c.a.c.n.registry.NacosServiceRegistry    : nacos registry, DEFAULT_GROUP issue-inspect-service-provider 192.168.3.17:8085 register finished
2021-04-14 10:04:19.987  INFO 3816 --- [main] org.quartz.core.QuartzScheduler          : Scheduler schedulerFactoryBean_$_NON_CLUSTERED started.
2021-04-14 10:04:20.175  INFO 3816 --- [main] c.a.n.client.config.impl.ClientWorker    : [fixed-192.168.1.13_8848] [subscribe] jwt.yml+DEFAULT_GROUP
2021-04-14 10:04:20.175  INFO 3816 --- [main] c.a.nacos.client.config.impl.CacheData   : [fixed-192.168.1.13_8848] [add-listener] ok, tenant=, dataId=jwt.yml, group=DEFAULT_GROUP, cnt=1
2021-04-14 10:04:20.175  INFO 3816 --- [main] c.a.n.client.config.impl.ClientWorker    : [fixed-192.168.1.13_8848] [subscribe] issue-inspect-service-provider.yml+DEFAULT_GROUP
2021-04-14 10:04:20.176  INFO 3816 --- [main] c.a.nacos.client.config.impl.CacheData   : [fixed-192.168.1.13_8848] [add-listener] ok, tenant=, dataId=issue-inspect-service-provider.yml, group=DEFAULT_GROUP, cnt=1
2021-04-14 10:04:20.176  INFO 3816 --- [main] c.a.n.client.config.impl.ClientWorker    : [fixed-192.168.1.13_8848] [subscribe] redis.yml+DEFAULT_GROUP
2021-04-14 10:04:20.176  INFO 3816 --- [main] c.a.nacos.client.config.impl.CacheData   : [fixed-192.168.1.13_8848] [add-listener] ok, tenant=, dataId=redis.yml, group=DEFAULT_GROUP, cnt=1
2021-04-14 10:04:20.177  INFO 3816 --- [main] c.a.n.client.config.impl.ClientWorker    : [fixed-192.168.1.13_8848] [subscribe] db.yml+DEFAULT_GROUP
2021-04-14 10:04:20.177  INFO 3816 --- [main] c.a.nacos.client.config.impl.CacheData   : [fixed-192.168.1.13_8848] [add-listener] ok, tenant=, dataId=db.yml, group=DEFAULT_GROUP, cnt=1
2021-04-14 10:04:20.177  INFO 3816 --- [main] c.a.n.client.config.impl.ClientWorker    : [fixed-192.168.1.13_8848] [subscribe] issue-inspect-service-provider+DEFAULT_GROUP
2021-04-14 10:04:20.177  INFO 3816 --- [main] c.a.nacos.client.config.impl.CacheData   : [fixed-192.168.1.13_8848] [add-listener] ok, tenant=, dataId=issue-inspect-service-provider, group=DEFAULT_GROUP, cnt=1
2021-04-14 10:04:20.298  INFO 3816 --- [schedulerFactoryBean_Worker-1] com.zaxxer.hikari.HikariDataSource       : HikariPool-1 - Starting...
2021-04-14 10:04:20.718  INFO 3816 --- [schedulerFactoryBean_Worker-1] com.zaxxer.hikari.HikariDataSource       : HikariPool-1 - Start completed.
2021-04-14 10:04:20.849  INFO 3816 --- [schedulerFactoryBean_Worker-1] org.quartz.core.QuartzScheduler          : Scheduler schedulerFactoryBean_$_NON_CLUSTERED started.
2021-04-14 10:04:20.850  INFO 3816 --- [schedulerFactoryBean_Worker-1] org.quartz.core.QuartzScheduler          : Scheduler schedulerFactoryBean_$_NON_CLUSTERED started.
2021-04-14 10:04:20.850  INFO 3816 --- [schedulerFactoryBean_Worker-1] org.quartz.core.QuartzScheduler          : Scheduler schedulerFactoryBean_$_NON_CLUSTERED started.
2021-04-14 10:04:20.850  INFO 3816 --- [schedulerFactoryBean_Worker-1] org.quartz.core.QuartzScheduler          : Scheduler schedulerFactoryBean_$_NON_CLUSTERED started.
2021-04-14 10:04:20.850  INFO 3816 --- [schedulerFactoryBean_Worker-1] org.quartz.core.QuartzScheduler          : Scheduler schedulerFactoryBean_$_NON_CLUSTERED started.
2021-04-14 10:04:20.850  INFO 3816 --- [schedulerFactoryBean_Worker-1] org.quartz.core.QuartzScheduler          : Scheduler schedulerFactoryBean_$_NON_CLUSTERED started.
2021-04-14 10:04:20.851  INFO 3816 --- [schedulerFactoryBean_Worker-1] org.quartz.core.QuartzScheduler          : Scheduler schedulerFactoryBean_$_NON_CLUSTERED started.
2021-04-14 10:04:20.851  INFO 3816 --- [schedulerFactoryBean_Worker-1] org.quartz.core.QuartzScheduler          : Scheduler schedulerFactoryBean_$_NON_CLUSTERED started.
