2021-04-25 09:39:25.245  WARN 9188 --- [main] o.s.boot.actuate.endpoint.EndpointId     : Endpoint ID 'nacos-discovery' contains invalid characters, please migrate to a valid format.
2021-04-25 09:39:25.447  WARN 9188 --- [main] o.s.boot.actuate.endpoint.EndpointId     : Endpoint ID 'service-registry' contains invalid characters, please migrate to a valid format.
2021-04-25 09:39:25.564  INFO 9188 --- [main] o.s.cloud.context.scope.GenericScope     : BeanFactory id=f4ec1e5c-b7e2-3b59-8af6-5a604fc3980b
2021-04-25 09:39:25.633  INFO 9188 --- [main] trationDelegate$BeanPostProcessorChecker : Bean 'org.springframework.cloud.client.loadbalancer.reactive.LoadBalancerBeanPostProcessorAutoConfiguration' of type [org.springframework.cloud.client.loadbalancer.reactive.LoadBalancerBeanPostProcessorAutoConfiguration] is not eligible for getting processed by all BeanPostProcessors (for example: not eligible for auto-proxying)
2021-04-25 09:39:25.635  INFO 9188 --- [main] trationDelegate$BeanPostProcessorChecker : Bean 'org.springframework.cloud.client.loadbalancer.reactive.LoadBalancerBeanPostProcessorAutoConfiguration$ReactiveLoadBalancerConfig' of type [org.springframework.cloud.client.loadbalancer.reactive.LoadBalancerBeanPostProcessorAutoConfiguration$ReactiveLoadBalancerConfig] is not eligible for getting processed by all BeanPostProcessors (for example: not eligible for auto-proxying)
2021-04-25 09:39:25.636  INFO 9188 --- [main] trationDelegate$BeanPostProcessorChecker : Bean 'deferringLoadBalancerExchangeFilterFunction' of type [org.springframework.cloud.client.loadbalancer.reactive.DeferringLoadBalancerExchangeFilterFunction] is not eligible for getting processed by all BeanPostProcessors (for example: not eligible for auto-proxying)
2021-04-25 09:39:27.524  INFO 9188 --- [main] o.s.c.g.r.RouteDefinitionRouteLocator    : Loaded RoutePredicateFactory [After]
2021-04-25 09:39:27.524  INFO 9188 --- [main] o.s.c.g.r.RouteDefinitionRouteLocator    : Loaded RoutePredicateFactory [Before]
2021-04-25 09:39:27.524  INFO 9188 --- [main] o.s.c.g.r.RouteDefinitionRouteLocator    : Loaded RoutePredicateFactory [Between]
2021-04-25 09:39:27.525  INFO 9188 --- [main] o.s.c.g.r.RouteDefinitionRouteLocator    : Loaded RoutePredicateFactory [Cookie]
2021-04-25 09:39:27.525  INFO 9188 --- [main] o.s.c.g.r.RouteDefinitionRouteLocator    : Loaded RoutePredicateFactory [Header]
2021-04-25 09:39:27.525  INFO 9188 --- [main] o.s.c.g.r.RouteDefinitionRouteLocator    : Loaded RoutePredicateFactory [Host]
2021-04-25 09:39:27.525  INFO 9188 --- [main] o.s.c.g.r.RouteDefinitionRouteLocator    : Loaded RoutePredicateFactory [Method]
2021-04-25 09:39:27.525  INFO 9188 --- [main] o.s.c.g.r.RouteDefinitionRouteLocator    : Loaded RoutePredicateFactory [Path]
2021-04-25 09:39:27.525  INFO 9188 --- [main] o.s.c.g.r.RouteDefinitionRouteLocator    : Loaded RoutePredicateFactory [Query]
2021-04-25 09:39:27.526  INFO 9188 --- [main] o.s.c.g.r.RouteDefinitionRouteLocator    : Loaded RoutePredicateFactory [ReadBodyPredicateFactory]
2021-04-25 09:39:27.526  INFO 9188 --- [main] o.s.c.g.r.RouteDefinitionRouteLocator    : Loaded RoutePredicateFactory [RemoteAddr]
2021-04-25 09:39:27.526  INFO 9188 --- [main] o.s.c.g.r.RouteDefinitionRouteLocator    : Loaded RoutePredicateFactory [Weight]
2021-04-25 09:39:27.526  INFO 9188 --- [main] o.s.c.g.r.RouteDefinitionRouteLocator    : Loaded RoutePredicateFactory [CloudFoundryRouteService]
2021-04-25 09:39:27.624  WARN 9188 --- [main] c.n.c.sources.URLConfigurationSource     : No URLs will be polled as dynamic configuration sources.
2021-04-25 09:39:27.625  INFO 9188 --- [main] c.n.c.sources.URLConfigurationSource     : To enable URLs as dynamic configuration sources, define System property archaius.configurationSource.additionalUrls or make config.properties available on classpath.
2021-04-25 09:39:27.634  WARN 9188 --- [main] c.n.c.sources.URLConfigurationSource     : No URLs will be polled as dynamic configuration sources.
2021-04-25 09:39:27.634  INFO 9188 --- [main] c.n.c.sources.URLConfigurationSource     : To enable URLs as dynamic configuration sources, define System property archaius.configurationSource.additionalUrls or make config.properties available on classpath.
2021-04-25 09:39:29.856  INFO 9188 --- [main] o.s.b.a.e.web.EndpointLinksResolver      : Exposing 2 endpoint(s) beneath base path '/actuator'
2021-04-25 09:39:30.043  INFO 9188 --- [main] o.s.s.c.ThreadPoolTaskScheduler          : Initializing ExecutorService 'Nacso-Watch-Task-Scheduler'
2021-04-25 09:39:36.018  INFO 9188 --- [main] o.s.b.web.embedded.netty.NettyWebServer  : Netty started on port(s): 8888
2021-04-25 09:39:38.563  INFO 9188 --- [main] c.a.c.n.registry.NacosServiceRegistry    : nacos registry, DEFAULT_GROUP platform-gateway 192.168.3.17:8888 register finished
2021-04-25 09:42:56.216  INFO 9188 --- [reactor-http-nio-4] c.netflix.config.ChainedDynamicProperty  : Flipping property: student-app-service-provider.ribbon.ActiveConnectionsLimit to use NEXT property: niws.loadbalancer.availabilityFilteringRule.activeConnectionsLimit = 2147483647
2021-04-25 09:42:56.256  INFO 9188 --- [reactor-http-nio-4] c.netflix.loadbalancer.BaseLoadBalancer  : Client: student-app-service-provider instantiated a LoadBalancer: DynamicServerListLoadBalancer:{NFLoadBalancer:name=student-app-service-provider,current list of Servers=[],Load balancer stats=Zone stats: {},Server stats: []}ServerList:null
2021-04-25 09:42:56.263  INFO 9188 --- [reactor-http-nio-4] c.n.l.DynamicServerListLoadBalancer      : Using serverListUpdater PollingServerListUpdater
2021-04-25 09:42:56.301  INFO 9188 --- [reactor-http-nio-4] c.netflix.config.ChainedDynamicProperty  : Flipping property: student-app-service-provider.ribbon.ActiveConnectionsLimit to use NEXT property: niws.loadbalancer.availabilityFilteringRule.activeConnectionsLimit = 2147483647
2021-04-25 09:42:56.302  INFO 9188 --- [reactor-http-nio-4] c.n.l.DynamicServerListLoadBalancer      : DynamicServerListLoadBalancer for client student-app-service-provider initialized: DynamicServerListLoadBalancer:{NFLoadBalancer:name=student-app-service-provider,current list of Servers=[192.168.3.17:8053],Load balancer stats=Zone stats: {unknown=[Zone:unknown;	Instance count:1;	Active connections count: 0;	Circuit breaker tripped count: 0;	Active connections per server: 0.0;]
},Server stats: [[Server:192.168.3.17:8053;	Zone:UNKNOWN;	Total Requests:0;	Successive connection failure:0;	Total blackout seconds:0;	Last connection made:Thu Jan 01 08:00:00 CST 1970;	First connection made: Thu Jan 01 08:00:00 CST 1970;	Active Connections:0;	total failure count in last (1000) msecs:0;	average resp time:0.0;	90 percentile resp time:0.0;	95 percentile resp time:0.0;	min resp time:0.0;	max resp time:0.0;	stddev resp time:0.0]
]}ServerList:com.alibaba.cloud.nacos.ribbon.NacosServerList@1dc4cdcf
2021-04-25 09:42:57.175  INFO 9188 --- [reactor-http-nio-4] c.netflix.config.ChainedDynamicProperty  : Flipping property: parent-web-service-provider.ribbon.ActiveConnectionsLimit to use NEXT property: niws.loadbalancer.availabilityFilteringRule.activeConnectionsLimit = 2147483647
2021-04-25 09:42:57.177  INFO 9188 --- [reactor-http-nio-4] c.netflix.loadbalancer.BaseLoadBalancer  : Client: parent-web-service-provider instantiated a LoadBalancer: DynamicServerListLoadBalancer:{NFLoadBalancer:name=parent-web-service-provider,current list of Servers=[],Load balancer stats=Zone stats: {},Server stats: []}ServerList:null
2021-04-25 09:42:57.177  INFO 9188 --- [reactor-http-nio-4] c.n.l.DynamicServerListLoadBalancer      : Using serverListUpdater PollingServerListUpdater
2021-04-25 09:42:57.178  INFO 9188 --- [reactor-http-nio-4] c.netflix.config.ChainedDynamicProperty  : Flipping property: parent-web-service-provider.ribbon.ActiveConnectionsLimit to use NEXT property: niws.loadbalancer.availabilityFilteringRule.activeConnectionsLimit = 2147483647
2021-04-25 09:42:57.179  INFO 9188 --- [reactor-http-nio-4] c.n.l.DynamicServerListLoadBalancer      : DynamicServerListLoadBalancer for client parent-web-service-provider initialized: DynamicServerListLoadBalancer:{NFLoadBalancer:name=parent-web-service-provider,current list of Servers=[192.168.3.17:8054],Load balancer stats=Zone stats: {unknown=[Zone:unknown;	Instance count:1;	Active connections count: 0;	Circuit breaker tripped count: 0;	Active connections per server: 0.0;]
},Server stats: [[Server:192.168.3.17:8054;	Zone:UNKNOWN;	Total Requests:0;	Successive connection failure:0;	Total blackout seconds:0;	Last connection made:Thu Jan 01 08:00:00 CST 1970;	First connection made: Thu Jan 01 08:00:00 CST 1970;	Active Connections:0;	total failure count in last (1000) msecs:0;	average resp time:0.0;	90 percentile resp time:0.0;	95 percentile resp time:0.0;	min resp time:0.0;	max resp time:0.0;	stddev resp time:0.0]
]}ServerList:com.alibaba.cloud.nacos.ribbon.NacosServerList@4e861135
2021-04-25 09:42:57.268  INFO 9188 --- [PollingServerListUpdater-0] c.netflix.config.ChainedDynamicProperty  : Flipping property: student-app-service-provider.ribbon.ActiveConnectionsLimit to use NEXT property: niws.loadbalancer.availabilityFilteringRule.activeConnectionsLimit = 2147483647
2021-04-25 09:42:58.179  INFO 9188 --- [PollingServerListUpdater-1] c.netflix.config.ChainedDynamicProperty  : Flipping property: parent-web-service-provider.ribbon.ActiveConnectionsLimit to use NEXT property: niws.loadbalancer.availabilityFilteringRule.activeConnectionsLimit = 2147483647
2021-04-25 09:43:06.274  INFO 9188 --- [reactor-http-nio-2] c.netflix.config.ChainedDynamicProperty  : Flipping property: issue-inspect-service-provider.ribbon.ActiveConnectionsLimit to use NEXT property: niws.loadbalancer.availabilityFilteringRule.activeConnectionsLimit = 2147483647
2021-04-25 09:43:06.276  INFO 9188 --- [reactor-http-nio-2] c.netflix.loadbalancer.BaseLoadBalancer  : Client: issue-inspect-service-provider instantiated a LoadBalancer: DynamicServerListLoadBalancer:{NFLoadBalancer:name=issue-inspect-service-provider,current list of Servers=[],Load balancer stats=Zone stats: {},Server stats: []}ServerList:null
2021-04-25 09:43:06.277  INFO 9188 --- [reactor-http-nio-2] c.n.l.DynamicServerListLoadBalancer      : Using serverListUpdater PollingServerListUpdater
2021-04-25 09:43:06.324  INFO 9188 --- [reactor-http-nio-2] c.n.l.DynamicServerListLoadBalancer      : DynamicServerListLoadBalancer for client issue-inspect-service-provider initialized: DynamicServerListLoadBalancer:{NFLoadBalancer:name=issue-inspect-service-provider,current list of Servers=[],Load balancer stats=Zone stats: {},Server stats: []}ServerList:com.alibaba.cloud.nacos.ribbon.NacosServerList@1404a0f4
2021-04-25 09:44:07.283  INFO 9188 --- [PollingServerListUpdater-1] c.netflix.config.ChainedDynamicProperty  : Flipping property: issue-inspect-service-provider.ribbon.ActiveConnectionsLimit to use NEXT property: niws.loadbalancer.availabilityFilteringRule.activeConnectionsLimit = 2147483647
2021-04-25 09:49:13.302  INFO 9188 --- [reactor-http-nio-1] c.netflix.config.ChainedDynamicProperty  : Flipping property: sys-service-provider.ribbon.ActiveConnectionsLimit to use NEXT property: niws.loadbalancer.availabilityFilteringRule.activeConnectionsLimit = 2147483647
2021-04-25 09:49:13.304  INFO 9188 --- [reactor-http-nio-1] c.netflix.loadbalancer.BaseLoadBalancer  : Client: sys-service-provider instantiated a LoadBalancer: DynamicServerListLoadBalancer:{NFLoadBalancer:name=sys-service-provider,current list of Servers=[],Load balancer stats=Zone stats: {},Server stats: []}ServerList:null
2021-04-25 09:49:13.304  INFO 9188 --- [reactor-http-nio-1] c.n.l.DynamicServerListLoadBalancer      : Using serverListUpdater PollingServerListUpdater
2021-04-25 09:49:13.305  INFO 9188 --- [reactor-http-nio-1] c.netflix.config.ChainedDynamicProperty  : Flipping property: sys-service-provider.ribbon.ActiveConnectionsLimit to use NEXT property: niws.loadbalancer.availabilityFilteringRule.activeConnectionsLimit = 2147483647
2021-04-25 09:49:13.305  INFO 9188 --- [reactor-http-nio-1] c.n.l.DynamicServerListLoadBalancer      : DynamicServerListLoadBalancer for client sys-service-provider initialized: DynamicServerListLoadBalancer:{NFLoadBalancer:name=sys-service-provider,current list of Servers=[192.168.3.17:8052],Load balancer stats=Zone stats: {unknown=[Zone:unknown;	Instance count:1;	Active connections count: 0;	Circuit breaker tripped count: 0;	Active connections per server: 0.0;]
},Server stats: [[Server:192.168.3.17:8052;	Zone:UNKNOWN;	Total Requests:0;	Successive connection failure:0;	Total blackout seconds:0;	Last connection made:Thu Jan 01 08:00:00 CST 1970;	First connection made: Thu Jan 01 08:00:00 CST 1970;	Active Connections:0;	total failure count in last (1000) msecs:0;	average resp time:0.0;	90 percentile resp time:0.0;	95 percentile resp time:0.0;	min resp time:0.0;	max resp time:0.0;	stddev resp time:0.0]
]}ServerList:com.alibaba.cloud.nacos.ribbon.NacosServerList@4dc465a0
2021-04-25 09:49:14.308  INFO 9188 --- [PollingServerListUpdater-0] c.netflix.config.ChainedDynamicProperty  : Flipping property: sys-service-provider.ribbon.ActiveConnectionsLimit to use NEXT property: niws.loadbalancer.availabilityFilteringRule.activeConnectionsLimit = 2147483647
2021-04-25 09:49:40.746  INFO 9188 --- [reactor-http-nio-1] c.netflix.config.ChainedDynamicProperty  : Flipping property: auto-service-provider.ribbon.ActiveConnectionsLimit to use NEXT property: niws.loadbalancer.availabilityFilteringRule.activeConnectionsLimit = 2147483647
2021-04-25 09:49:40.747  INFO 9188 --- [reactor-http-nio-1] c.netflix.loadbalancer.BaseLoadBalancer  : Client: auto-service-provider instantiated a LoadBalancer: DynamicServerListLoadBalancer:{NFLoadBalancer:name=auto-service-provider,current list of Servers=[],Load balancer stats=Zone stats: {},Server stats: []}ServerList:null
2021-04-25 09:49:40.748  INFO 9188 --- [reactor-http-nio-1] c.n.l.DynamicServerListLoadBalancer      : Using serverListUpdater PollingServerListUpdater
2021-04-25 09:49:40.748  INFO 9188 --- [reactor-http-nio-1] c.netflix.config.ChainedDynamicProperty  : Flipping property: auto-service-provider.ribbon.ActiveConnectionsLimit to use NEXT property: niws.loadbalancer.availabilityFilteringRule.activeConnectionsLimit = 2147483647
2021-04-25 09:49:40.749  INFO 9188 --- [reactor-http-nio-1] c.n.l.DynamicServerListLoadBalancer      : DynamicServerListLoadBalancer for client auto-service-provider initialized: DynamicServerListLoadBalancer:{NFLoadBalancer:name=auto-service-provider,current list of Servers=[192.168.3.17:8051],Load balancer stats=Zone stats: {unknown=[Zone:unknown;	Instance count:1;	Active connections count: 0;	Circuit breaker tripped count: 0;	Active connections per server: 0.0;]
},Server stats: [[Server:192.168.3.17:8051;	Zone:UNKNOWN;	Total Requests:0;	Successive connection failure:0;	Total blackout seconds:0;	Last connection made:Thu Jan 01 08:00:00 CST 1970;	First connection made: Thu Jan 01 08:00:00 CST 1970;	Active Connections:0;	total failure count in last (1000) msecs:0;	average resp time:0.0;	90 percentile resp time:0.0;	95 percentile resp time:0.0;	min resp time:0.0;	max resp time:0.0;	stddev resp time:0.0]
]}ServerList:com.alibaba.cloud.nacos.ribbon.NacosServerList@a1fc15d
2021-04-25 09:49:41.750  INFO 9188 --- [PollingServerListUpdater-0] c.netflix.config.ChainedDynamicProperty  : Flipping property: auto-service-provider.ribbon.ActiveConnectionsLimit to use NEXT property: niws.loadbalancer.availabilityFilteringRule.activeConnectionsLimit = 2147483647
